P   a[  3  /  a  ]  []
  * [] ===> 3   =   3
    
  * [  3  /  a  ] ===> P[  3  /  a  ]   a[  3  /  a  ]
    P  [  3  /  a  ]
      * [] ===>λ  x  →  a   =   x
        
      * [  3  /  a  ] ===>λ  x  →  a[  3  /  a  ]   =   x
        a  [  3  /  a  ]
          * [  3  /  a  ] ===> 3
            
    a  [  3  /  a  ]
      * [  3  /  a  ] ===> 3
        