### Result

([  ], [ True
=>
True
at ./test/Test/Server/assets/spec-qm-1.gcl [0-6] 1:1-3:3 ], [  ], [  ])

### Source

[!

!]

{ True }

### Trace

TraceLog " ### DigHole ./test/Test/Server/assets/spec-qm-1.gcl [0-1] 1:1-2"
TraceEditText ./test/Test/Server/assets/spec-qm-1.gcl [0-1] 1:1-2 "[!\n\n!]"
