### Result

Just ([PO 0 (Constant (Lit (Bol True) NoLoc)) (Disjunct [GuardIf (Lit (Bol True) (Loc (Pos "./test/Test/Server/assets/spec-qm-3.gcl" 1 4 3) (Pos "./test/Test/Server/assets/spec-qm-3.gcl" 1 8 7))) NoLoc]) (AtIf (Loc (Pos "./test/Test/Server/assets/spec-qm-3.gcl" 1 1 0) (Pos "./test/Test/Server/assets/spec-qm-3.gcl" 5 3 33)))],[Specification {specID = 0, specPreCond = Conjunct [Constant (Lit (Bol True) NoLoc),GuardIf (Lit (Bol True) (Loc (Pos "./test/Test/Server/assets/spec-qm-3.gcl" 1 4 3) (Pos "./test/Test/Server/assets/spec-qm-3.gcl" 1 8 7))) NoLoc], specPostCond = Assertion (Lit (Bol True) (Loc (Pos "./test/Test/Server/assets/spec-qm-3.gcl" 7 3 37) (Pos "./test/Test/Server/assets/spec-qm-3.gcl" 7 7 41))) (Loc (Pos "./test/Test/Server/assets/spec-qm-3.gcl" 7 1 35) (Pos "./test/Test/Server/assets/spec-qm-3.gcl" 7 9 43)), specLoc = Loc (Pos "./test/Test/Server/assets/spec-qm-3.gcl" 2 5 16) (Pos "./test/Test/Server/assets/spec-qm-3.gcl" 4 7 30)}],[],[])

### Source

if True -> 
    [!
    
    !]
fi

{ True }

### Trace

CmdLog " ### DigHole ./test/Test/Server/assets/spec-qm-3.gcl [16-17] 2:5-6"
CmdEditText ./test/Test/Server/assets/spec-qm-3.gcl [16-17] 2:5-6 "[!\n    \n    !]"
