### Result

[ Display
, UpdateSpecs ]

### Source

    skip
abort


{ True }

### Trace

TracePutLastSelection ./test/Test/Server/assets/spec-refine-3.gcl [0-20] 1:1-4:3
TraceGetSource
TraceGetSource
TraceEditText ./test/Test/Server/assets/spec-refine-3.gcl [0-20] 1:1-4:3 "    skip\nabort\n"
TraceGetLastSelection
TraceBumpResponseVersion
TraceLog " ### Diagnostic 1"
TraceSendDiagnostics [Diagnostic {_range = Range {_start = Position {_line = 0, _character = 4}, _end = Position {_line = 0, _character = 8}}, _severity = Just DsWarning, _code = Nothing, _source = Nothing, _message = "Skip", _tags = Nothing, _relatedInformation = Just (List [DiagnosticRelatedInformation {_location = Location {_uri = Uri {getUri = "./test/Test/Server/assets/spec-refine-3.gcl"}, _range = Range {_start = Position {_line = 0, _character = 4}, _end = Position {_line = 0, _character = 8}}}, _message = ""}])}]
