### Result

([  ], [ [1]
  True
  True

, [0]
  True
  True
 ], [  ], [  ])

### Source

[!

!]
[!

!]

{ True }

### Trace

CmdLog " ### DigHole ./test/Test/Server/assets/spec-qm-2.gcl [0-1] 1:1-2"
CmdEditText ./test/Test/Server/assets/spec-qm-2.gcl [0-1] 1:1-2 "[!\n\n!]"
CmdLog " ### DigHole ./test/Test/Server/assets/spec-qm-2.gcl [7-8] 4:1-2"
CmdEditText ./test/Test/Server/assets/spec-qm-2.gcl [7-8] 4:1-2 "[!\n\n!]"
