### Result

([ Conditional at ./test/Test/Server/assets/spec-qm-4.gcl [0-52] 1:1-8:3 #EXPECTING HASH HERE
 `True
 ⇒
 True
 ` ], [ Precondition at ./test/Test/Server/assets/spec-qm-4.gcl [16-30] 2:5-4:7
      `True ∧ True`
      Precondition
      `True`
      , Precondition at ./test/Test/Server/assets/spec-qm-4.gcl [35-49] 5:5-7:7
      `True`
      Precondition
      `True` ], [], [])

### Source

if True -> 
    [!
    
    !]
    [!
    
    !]
fi

{ True }

### Trace

TraceLog " ### DigHole ./test/Test/Server/assets/spec-qm-4.gcl [16-17] 2:5-6"
TraceEditText ./test/Test/Server/assets/spec-qm-4.gcl [16-17] 2:5-6 "[!\n    \n    !]"
TraceLog " ### DigHole ./test/Test/Server/assets/spec-qm-4.gcl [35-36] 5:5-6"
TraceEditText ./test/Test/Server/assets/spec-qm-4.gcl [35-36] 5:5-6 "[!\n    \n    !]"
