### Result

([ [0] 
  True
  True
  Conditional
 ], [ [1]
  True ∧ True
  True

, [0]
  True
  True
 ], [  ], [  ])

### Source

if True -> 
    [!
    
    !]
    [!
    
    !]
fi

{ True }

### Trace

TraceLog " ### DigHole ./test/Test/Server/assets/spec-qm-4.gcl [16-17] 2:5-6"
TraceEditText ./test/Test/Server/assets/spec-qm-4.gcl [16-17] 2:5-6 "[!\n    \n    !]"
TraceLog " ### DigHole ./test/Test/Server/assets/spec-qm-4.gcl [35-36] 5:5-6"
TraceEditText ./test/Test/Server/assets/spec-qm-4.gcl [35-36] 5:5-6 "[!\n    \n    !]"
