### Result

[Display, UpdateSpecs, ResMarkPOs]

### Source

if True ->  [!
            
            !]
            [!
            
            !]

fi

{ True }

### Trace

TraceLog "      [ save ] Parsed"
TraceLog "      [ save ] Converted"
TraceLog "      [ save ] TypeChecked"
TraceLog "      [ save ] Swept"
TraceLog "      [ event ] mute"
TraceLog "      [ save ] Mouse selection: spec-refine-5.gcl [12-57] 1:13-4:15"
TraceGetSource
TraceLog "      [ save ] Parsed"
TraceLog "      [ save ] Converted"
TraceLog "      [ save ] TypeChecked"
TraceLog "      [ save ] Swept"
TraceGetSource
TraceGetSource
TraceLog "      [ edit ] Replace ./test/source/Server/spec-refine-5.gcl [12-57] 1:13-4:15 \"[!\n            ?\n            ?\n            !]\" \n      with \"?\n            ?\n\""
TraceEditText ./test/source/Server/spec-refine-5.gcl [12-57] 1:13-4:15 "?\n            ?\n"
TraceLog "      [ save ] Parsed"
TraceLog "    < DigHole ./test/source/Server/spec-refine-5.gcl [12-13] 1:13-14"
TraceGetSource
TraceLog "      [ edit ] Replace ./test/source/Server/spec-refine-5.gcl [12-13] 1:13-14 \"?\" \n      with \"[!\n            \n            !]\""
TraceEditText ./test/source/Server/spec-refine-5.gcl [12-13] 1:13-14 "[!\n            \n            !]"
TraceLog "      [ save ] Parsed"
TraceLog "    < DigHole ./test/source/Server/spec-refine-5.gcl [55-56] 4:13-14"
TraceGetSource
TraceLog "      [ edit ] Replace ./test/source/Server/spec-refine-5.gcl [55-56] 4:13-14 \"?\" \n      with \"[!\n            \n            !]\""
TraceEditText ./test/source/Server/spec-refine-5.gcl [55-56] 4:13-14 "[!\n            \n            !]"
TraceLog "      [ save ] Parsed"
TraceLog "      [ save ] Converted"
TraceLog "      [ save ] Converted"
TraceLog "      [ save ] Converted"
TraceLog "      [ save ] TypeChecked"
TraceLog "      [ event ] unmute"
TraceLog "      [ save ] Swept"
TraceLog "      [ load ] Mouse selection: Nothing"
TraceLog "    < Send Diagnostics 0"
TraceSendDiagnostics []
