### Result

Cache { POs: [ Conditional at ./test/source/Server/spec-qm-4.gcl [0-52] 1:1-8:3 #68beda4372bea491
             `True
             ⇒
             True`
             explanation not available ]
Specs: [ Precondition at ./test/source/Server/spec-qm-4.gcl [16-30] 2:5-4:7
       `True ∧True`
       Postcondition
       `True`
       , Precondition at ./test/source/Server/spec-qm-4.gcl [35-49] 5:5-7:7
       `True`
       Postcondition
       `True` ]
Props: []
Warnings: []
Redexes: [] }

### Source

if True -> 
    [!
    
    !]
    [!
    
    !]
fi

{ True }

### Trace

TraceLog " ### DigHole ./test/source/Server/spec-qm-4.gcl [16-17] 2:5-6"
TraceEditText ./test/source/Server/spec-qm-4.gcl [16-17] 2:5-6 "[!\n    \n    !]"
TraceLog " ### DigHole ./test/source/Server/spec-qm-4.gcl [35-36] 5:5-6"
TraceEditText ./test/source/Server/spec-qm-4.gcl [35-36] 5:5-6 "[!\n    \n    !]"
