### Result

[Display, UpdateSpecs, ResMarkPOs]

### Source

con A, B : Int { A ≥ 0 ∧ B > 0 }

if True ->  [!
            
            !]
            [!
            
            !]

fi

{ True }

### Trace

TraceLog "      [ save ] Parsed"
TraceLog "      [ save ] Converted"
TraceLog "      [ save ] TypeChecked"
TraceLog "      [ save ] Swept"
TraceLog "      [ event ] mute"
TraceLog "      [ save ] Mouse selection: spec-refine-6.gcl [46-91] 3:13-6:15"
TraceGetSource
TraceLog "      [ save ] Parsed"
TraceLog "      [ save ] Converted"
TraceLog "      [ save ] TypeChecked"
TraceLog "      [ save ] Swept"
TraceGetSource
TraceGetSource
TraceLog "      [ edit ] Replace ./test/source/Server/spec-refine-6.gcl [46-91] 3:13-6:15 \"[!\n            ?\n            ?\n            !]\" \n      with \"?\n            ?\n\""
TraceEditText ./test/source/Server/spec-refine-6.gcl [46-91] 3:13-6:15 "?\n            ?\n"
TraceLog "      [ save ] Parsed"
TraceLog "    < DigHole ./test/source/Server/spec-refine-6.gcl [46-47] 3:13-14"
TraceGetSource
TraceLog "      [ edit ] Replace ./test/source/Server/spec-refine-6.gcl [46-47] 3:13-14 \"?\" \n      with \"[!\n            \n            !]\""
TraceEditText ./test/source/Server/spec-refine-6.gcl [46-47] 3:13-14 "[!\n            \n            !]"
TraceLog "      [ save ] Parsed"
TraceLog "    < DigHole ./test/source/Server/spec-refine-6.gcl [89-90] 6:13-14"
TraceGetSource
TraceLog "      [ edit ] Replace ./test/source/Server/spec-refine-6.gcl [89-90] 6:13-14 \"?\" \n      with \"[!\n            \n            !]\""
TraceEditText ./test/source/Server/spec-refine-6.gcl [89-90] 6:13-14 "[!\n            \n            !]"
TraceLog "      [ save ] Parsed"
TraceLog "      [ save ] Converted"
TraceLog "      [ save ] Converted"
TraceLog "      [ save ] Converted"
TraceLog "      [ save ] TypeChecked"
TraceLog "      [ event ] unmute"
TraceLog "      [ save ] Swept"
TraceLog "      [ load ] Mouse selection: Nothing"
TraceLog "    < Send Diagnostics 0"
TraceSendDiagnostics []
