### Result

[ Parse Error 
Parse Error ./test/source/Server/spec-refine-3.gcl:2:1-6 unexpected 'abort'
expecting end of input or token align to 'skip' of line 1
 ]

### Source

[!
    skip
abort
!]

{ True }

### Trace

TraceLog "      [ save ] Parsed"
TraceLog "      [ save ] Converted"
TraceLog "      [ save ] TypeChecked"
TraceLog "      [ save ] Swept"
TraceLog "      [ event ] mute"
TraceLog "      [ save ] Mouse selection: spec-refine-3.gcl [0-20] 1:1-4:3"
TraceGetSource
TraceLog "      [ save ] Parsed"
TraceLog "      [ save ] Converted"
TraceLog "      [ save ] TypeChecked"
TraceLog "      [ save ] Swept"
TraceGetSource
