### Result

[ Syntactic Error ./test/source/Server/spec-refine-3.gcl:2:1 unexpected 'a'
expecting end of input
 ]

### Source

    skip
abort


{ True }

### Trace

TraceLog "    - Parsed"
TraceLog "    - Converted"
TraceLog "    - Swept"
TraceLog "    - Set selection spec-refine-3.gcl [0-20] 1:1-4:3"
TraceGetSource
TraceLog "    - Parsed"
TraceLog "    - Converted"
TraceLog "    - Swept"
TraceGetSource
TraceEditText ./test/source/Server/spec-refine-3.gcl [0-20] 1:1-4:3 "    skip\nabort\n"
