### Result

[ Syntactic Error ./test/source/Server/spec-refine-3.gcl:2:1 unexpected 'a'
expecting end of input
 ]

### Source

    skip
abort


{ True }

### Trace

TracePutLastSelection ./test/source/Server/spec-refine-3.gcl [0-20] 1:1-4:3
TraceGetSource
TraceGetSource
TraceEditText ./test/source/Server/spec-refine-3.gcl [0-20] 1:1-4:3 "    skip\nabort\n"
TraceSendDiagnostics [Diagnostic {_range = Range {_start = Position {_line = 1, _character = 0}, _end = Position {_line = 1, _character = 0}}, _severity = Just DsError, _code = Nothing, _source = Nothing, _message = "Syntax error", _tags = Nothing, _relatedInformation = Just (List [DiagnosticRelatedInformation {_location = Location {_uri = Uri {getUri = "./test/source/Server/spec-refine-3.gcl"}, _range = Range {_start = Position {_line = 1, _character = 0}, _end = Position {_line = 1, _character = 0}}}, _message = "unexpected 'a'\nexpecting end of input\n"}])}]
