INV  [  A , B , 0  / x, y, z  ]
  * ===>  (A   *   B)   +   0   =   A   *   B
    
INV  
  * ===>  (x   *   y)   +   z   =   A   *   B
    
INV  [  x   -   1  / x  ]
  * ===>  ((x   -   1)   *   y)   +   z   =   A   *   B
    
INV  
  * ===>  (x   *   y)   +   z   =   A   *   B
    
INV  
  * ===>  (x   *   y)   +   z   =   A   *   B
    
INV  
  * ===>  (x   *   y)   +   z   =   A   *   B
    