[ [0] 
  Conjunct [ LoopInvariant P n ∧ Q n ∧ (0 ≤ n) ≤ N bnd: N - n
, Negate Guard LOOP n ≠ N ]
  Assertion m = ⟨max i j : ((0 ≤ i) ≤ j) ≤ N : Sum i j⟩
  Loop ./test/source/examples/mss.gcl:11:1-14:2

, [1] 
  Conjunct [ LoopInvariant P n ∧ Q n ∧ (0 ≤ n) ≤ N bnd: N - n
, Guard LOOP n ≠ N ]
  LoopInvariant P[n/n + 1][m/max m s][s/max s + A n 0] (n + 1) ∧ Q[n/n + 1][m/max m s][s/max s + A n 0] (n + 1) ∧ (0 ≤ n + 1) ≤ N bnd: N - n
  Assigment ./test/source/examples/mss.gcl:11:13-32

, [2] 
  Conjunct [ LoopInvariant P n ∧ Q n ∧ (0 ≤ n) ≤ N bnd: N - n
, Guard LOOP n ≠ N ]
  Bound N - n ≥ 0
  Termination ./test/source/examples/mss.gcl:11:1-14:2

, [3] 
  Conjunct [ LoopInvariant P n ∧ Q n ∧ (0 ≤ n) ≤ N bnd: N - n
, Bound N - n = _bnd0
, Guard LOOP n ≠ N ]
  Bound N - (n + 1) < _bnd0
  Assigment ./test/source/examples/mss.gcl:11:13-32

, [4] 
  Constant True
  LoopInvariant P[m/0
,n/0] 0 ∧ Q[m/0
,n/0] 0 ∧ (0 ≤ 0) ≤ N bnd: N - n
  Assigment ./test/source/examples/mss.gcl:9:1-12
 ]