### Result

[ Skip at ./test/source/WP/conditional.gcl [12-15] 1:13-16 #4a0e2f09c70bea20
`True ∧False
⇒
True`
explanation not available
, Conditional at ./test/source/WP/conditional.gcl [0-19] 1:1-2:2 #4ea8b990688e819d
`True
⇒
False`
explanation not available ]

### Source

if False -> skip 
fi
{ True }

### Trace

TraceLog "      [ save ] Parsed"
TraceLog "      [ save ] Converted"
TraceLog "      [ save ] TypeChecked"
TraceLog "      [ save ] Swept"
