### Result

[ < Assertion >
True
=>
z   =   A   *   B
at ./test/Test/WP/assets/issue2-1.gcl [33-46] 3:1-14 ]

### Source

con A, B : Int
var x, y, z : Int
{ z = A * B }

### Trace

TraceLog "before ===="
TraceLog "1 [Loc (Pos \"./test/Test/WP/assets/issue2-1.gcl\" 3 1 33) (Pos \"./test/Test/WP/assets/issue2-1.gcl\" 3 14 46)]"
TraceLog "after ===="
TraceLog "1 [Loc (Pos \"./test/Test/WP/assets/issue2-1.gcl\" 3 1 33) (Pos \"./test/Test/WP/assets/issue2-1.gcl\" 3 14 46)]"
TraceLog "============"
