### Result

[ < Skip >
True
=>
0   =   0
at ./test/Test/WP/assets/skip.gcl [9-13] 2:1-5 ]

### Source

{ True }
skip
{ 0 = 0 }

### Trace

TraceLog "before ===="
TraceLog "1 [Loc (Pos \"./test/Test/WP/assets/skip.gcl\" 2 1 9) (Pos \"./test/Test/WP/assets/skip.gcl\" 2 5 13)]"
TraceLog "after ===="
TraceLog "1 [Loc (Pos \"./test/Test/WP/assets/skip.gcl\" 2 1 9) (Pos \"./test/Test/WP/assets/skip.gcl\" 2 5 13)]"
TraceLog "============"
