0: P [ s \ 0 ] 0
  P [ s \ 0 ] 0 ===> 0 = ⟨ ↑ ij : 0 ≤ i ≤ j ≤ 0 : sum i j ⟩
    3: sum i j
      sum i j ===> ⟨ Σ k : i ≤ k < j : f[k] ⟩
        
1: Q 0
  Q 0 ===> r = ⟨ ↑ i : 0 ≤ i ≤ 0 : sum i 0 ⟩
    41: sum i 0
      sum i 0 ===> ⟨ Σ k : i ≤ k < 0 : f[k] ⟩
        
7: P n
  P n ===> s = ⟨ ↑ ij : 0 ≤ i ≤ j ≤ n : sum i j ⟩
    79: sum i j
      sum i j ===> ⟨ Σ k : i ≤ k < j : f[k] ⟩
        
9: Q n
  Q n ===> r = ⟨ ↑ i : 0 ≤ i ≤ n : sum i n ⟩
    108: sum i n
      sum i n ===> ⟨ Σ k : i ≤ k < n : f[k] ⟩
        
26: P [ s \ s ↑ r ] [ r \ (r + f[n]) ↑ 0 ] (n + 1)
  P [ s \ s ↑ r ] [ r \ (r + f[n]) ↑ 0 ] (n + 1) ===> s ↑ ((r + f[n]) ↑ 0) = ⟨ ↑ ij : 0 ≤ i ≤ j ≤ n + 1 : sum i j ⟩
    136: sum i j
      sum i j ===> ⟨ Σ k : i ≤ k < j : f[k] ⟩
        
27: Q [ r \ (r + f[n]) ↑ 0 ] (n + 1)
  Q [ r \ (r + f[n]) ↑ 0 ] (n + 1) ===> (r + f[n]) ↑ 0 = ⟨ ↑ i : 0 ≤ i ≤ n + 1 : sum i (n + 1) ⟩
    203: sum i (n + 1)
      sum i (n + 1) ===> ⟨ Σ k : i ≤ k < n + 1 : f[k] ⟩
        
42: P n
  P n ===> s = ⟨ ↑ ij : 0 ≤ i ≤ j ≤ n : sum i j ⟩
    263: sum i j
      sum i j ===> ⟨ Σ k : i ≤ k < j : f[k] ⟩
        
44: Q n
  Q n ===> r = ⟨ ↑ i : 0 ≤ i ≤ n : sum i n ⟩
    292: sum i n
      sum i n ===> ⟨ Σ k : i ≤ k < n : f[k] ⟩
        
58: P n
  P n ===> s = ⟨ ↑ ij : 0 ≤ i ≤ j ≤ n : sum i j ⟩
    320: sum i j
      sum i j ===> ⟨ Σ k : i ≤ k < j : f[k] ⟩
        
60: Q n
  Q n ===> r = ⟨ ↑ i : 0 ≤ i ≤ n : sum i n ⟩
    349: sum i n
      sum i n ===> ⟨ Σ k : i ≤ k < n : f[k] ⟩
        
79: P n
  P n ===> s = ⟨ ↑ ij : 0 ≤ i ≤ j ≤ n : sum i j ⟩
    377: sum i j
      sum i j ===> ⟨ Σ k : i ≤ k < j : f[k] ⟩
        
81: Q n
  Q n ===> r = ⟨ ↑ i : 0 ≤ i ≤ n : sum i n ⟩
    406: sum i n
      sum i n ===> ⟨ Σ k : i ≤ k < n : f[k] ⟩
        