0: INV [ x,y,z \ A,B,0 ]
  INV [ x,y,z \ A,B,0 ] ===> A * B + 0 = A * B
    
1: INV [ x,y,z \ A,B,0 ]
  INV [ x,y,z \ A,B,0 ] ===> A * B + 0 = A * B
    
4: INV
  INV ===> x * y + z = A * B
    
11: INV [ x \ x - 1 ]
  INV [ x \ x - 1 ] ===> (x - 1) * y + z = A * B
    
12: INV [ x \ x - 1 ] [ z \ z + y ]
  INV [ x \ x - 1 ] [ z \ z + y ] ===> (x - 1) * y + z + y = A * B
    
15: INV
  INV ===> x * y + z = A * B
    
19: INV [ x \ x - 1 ] [ z \ z + y ]
  INV [ x \ x - 1 ] [ z \ z + y ] ===> (x - 1) * y + z + y = A * B
    
22: INV
  INV ===> x * y + z = A * B
    
30: INV
  INV ===> x * y + z = A * B
    